******************************************************************************
             TMS320C2000 Linker PC v22.6.1                     
******************************************************************************
>> Linked Thu Jun 20 12:05:25 2024

OUTPUT FILE NAME:   <Sensor_Motor.out>
ENTRY POINT SYMBOL: "code_start"  address: 00000000


MEMORY CONFIGURATION

         name            origin    length      used     unused   attr    fill
----------------------  --------  ---------  --------  --------  ----  --------
  BEGIN                 00000000   00000002  00000002  00000000  RWIX
  BOOT_RSVD             00000002   00000126  00000000  00000126  RWIX
  RAMM0                 00000128   000002d8  0000001e  000002ba  RWIX
  RAMM1                 00000400   00000400  00000200  00000200  RWIX
  CLATOCPURAM           00001480   00000080  00000000  00000080  RWIX
  CPUTOCLARAM           00001500   00000080  00000000  00000080  RWIX
  CLATODMARAM           00001680   00000080  00000000  00000080  RWIX
  DMATOCLARAM           00001700   00000080  00000000  00000080  RWIX
  RAMLS0                00008000   00000800  00000800  00000000  RWIX
  RAMLS1                00008800   00000800  00000800  00000000  RWIX
  RAMLS2                00009000   00000800  000005eb  00000215  RWIX
  RAMLS3                00009800   00000800  00000000  00000800  RWIX
  RAMLS4                0000a000   00000800  00000000  00000800  RWIX
  RAMLS5                0000a800   00000800  00000357  000004a9  RWIX
  RAMLS6                0000b000   00000800  00000000  00000800  RWIX
  RAMLS7                0000b800   00000800  00000000  00000800  RWIX
  RAMGS0                0000c000   00002000  00000000  00002000  RWIX
  RAMGS1                0000e000   00002000  00000000  00002000  RWIX
  RAMGS2                00010000   00002000  00000000  00002000  RWIX
  RAMGS3                00012000   00002000  00000000  00002000  RWIX
  RAMLS8                00014000   00002000  00000000  00002000  RWIX
  RAMLS9                00016000   00002000  00000000  00002000  RWIX
  FLASH_BANK0           00080000   00020000  00000000  00020000  RWIX
  FLASH_BANK1           000a0000   00020000  00000000  00020000  RWIX
  FLASH_BANK2           000c0000   00020000  00000000  00020000  RWIX
  FLASH_BANK3           000e0000   00020000  00000000  00020000  RWIX
  FLASH_BANK4           00100000   00020000  00000000  00020000  RWIX
  RESET                 003fffc0   00000002  00000000  00000002  RWIX


SECTION ALLOCATION MAP

 output                                  attributes/
section   page    origin      length       input sections
--------  ----  ----------  ----------   ----------------
codestart 
*          0    00000000    00000002     
                  00000000    00000002     f28p55x_codestartbranch.obj (codestart)

.cinit     0    0000012c    0000001a     
                  0000012c    00000008     (.cinit..data.load) [load image, compression = lzss]
                  00000134    00000006     (__TI_handler_table)
                  0000013a    00000004     (.cinit..bss.load) [load image, compression = zero_init]
                  0000013e    00000008     (__TI_cinit_table)

.reset     0    003fffc0    00000000     DSECT

.stack     0    00000400    00000200     UNINITIALIZED
                  00000400    00000200     --HOLE--

.data      0    0000a800    0000000a     UNINITIALIZED
                  0000a800    00000006     rts2800_fpu32_eabi.lib : exit.c.obj (.data)
                  0000a806    00000002                            : _lock.c.obj (.data:_lock)
                  0000a808    00000002                            : _lock.c.obj (.data:_unlock)

.bss       0    0000a80a    00000006     UNINITIALIZED
                  0000a80a    00000006     ir_sensor.obj (.bss)

.init_array 
*          0    00000128    00000000     UNINITIALIZED

.const     0    0000a810    00000347     
                  0000a810    000000b3     ir_sensor.obj (.const:.string)
                  0000a8c3    00000001     --HOLE-- [fill = 0]
                  0000a8c4    0000009a     driverlib.lib : sysctl.obj (.const:.string)
                  0000a95e    00000098                   : gpio.obj (.const:.string)
                  0000a9f6    00000077     board.obj (.const:.string)
                  0000aa6d    00000001     --HOLE-- [fill = 0]
                  0000aa6e    00000051     device.obj (.const:.string)
                  0000aabf    00000001     --HOLE-- [fill = 0]
                  0000aac0    0000004c     driverlib.lib : ecap.obj (.const:.string)
                  0000ab0c    0000004b                   : pga.obj (.const:.string)

.TI.ramfunc 
*          0    00000128    00000004     
                  00000128    00000004     driverlib.lib : sysctl.obj (.TI.ramfunc)

.text.1    0    00008000    00000800     
                  00008000    00000155     board.obj (.text:EPWM_init)
                  00008155    00000123     driverlib.lib : sysctl.obj (.text:SysCtl_setClock)
                  00008278    00000116     ir_sensor.obj (.text:INT_ECAP_ECHO_ISR)
                  0000838e    000000fe     driverlib.lib : sysctl.obj (.text:SysCtl_isPLLValid)
                  0000848c    000000eb                   : gpio.obj (.text:GPIO_setAnalogMode)
                  00008577    000000d8     device.obj (.text:Device_enableAllPeripherals)
                  0000864f    000000b4     device.obj (.text:Device_init)
                  00008703    00000088     rts2800_fpu32_eabi.lib : fs_div28.asm.obj (.text)
                  0000878b    00000073     driverlib.lib : sysctl.obj (.text:DCC_setCounterSeeds)
                  000087fe    00000002     rts2800_fpu32_eabi.lib : pre_init.c.obj (.text)

.text.2    0    00008800    00000800     
                  00008800    0000007f     board.obj (.text:ECAP_ECHO_init)
                  0000887f    00000065     driverlib.lib : sysctl.obj (.text:SysCtl_getClock)
                  000088e4    00000052                   : gpio.obj (.text:GPIO_setPadConfig)
                  00008936    0000004b     board.obj (.text:PinMux_init)
                  00008981    00000046     driverlib.lib : sysctl.obj (.text:SysCtl_selectXTAL)
                  000089c7    00000045                   : sysctl.obj (.text:SysCtl_pollX1Counter)
                  00008a0c    00000044                   : pga.obj (.text:PGA_setOffsetTrimPMOS)
                  00008a50    00000042                   : sysctl.obj (.text:SysCtl_selectOscSource)
                  00008a92    00000041                   : pga.obj (.text:PGA_setOffsetTrimNMOS)
                  00008ad3    00000040     board.obj (.text:EPWM_setActionQualifierAction)
                  00008b13    0000003e     board.obj (.text:EPWM_setCounterCompareShadowLoadMode)
                  00008b51    0000003d     driverlib.lib : interrupt.obj (.text:Interrupt_initModule)
                  00008b8e    0000003b     board.obj (.text:EPWM_isBaseValid)
                  00008bc9    0000003b     ir_sensor.obj (.text:EPWM_isBaseValid)
                  00008c04    00000037     driverlib.lib : gpio.obj (.text:GPIO_setControllerCore)
                  00008c3b    00000037                   : gpio.obj (.text:GPIO_setPinConfig)
                  00008c72    00000037                   : gpio.obj (.text:GPIO_setQualificationMode)
                  00008ca9    00000037                   : interrupt.obj (.text:Interrupt_enable)
                  00008ce0    00000037     ir_sensor.obj (.text:main)
                  00008d17    00000031     driverlib.lib : gpio.obj (.text:GPIO_setDirectionMode)
                  00008d48    00000030     ir_sensor.obj (.text:ECAP_getEventTimeStamp)
                  00008d78    00000030     rts2800_fpu32_eabi.lib : copy_decompress_lzss.c.obj (.text:decompress:lzss)
                  00008da8    0000002b     board.obj (.text:ECAP_setCaptureMode)
                  00008dd3    0000002b     rts2800_fpu32_eabi.lib : autoinit.c.obj (.text:__TI_auto_init_nobinit_nopinit)
                  00008dfe    00000029                            : exit.c.obj (.text)
                  00008e27    00000028     board.obj (.text:ECAP_setEventPrescaler)
                  00008e4f    00000027     ir_sensor.obj (.text:GPIO_writePin)
                  00008e76    00000025     board.obj (.text:ECAP_setEventPolarity)
                  00008e9b    00000025     driverlib.lib : sysctl.obj (.text:SysCtl_selectXTALSingleEnded)
                  00008ec0    00000024                   : sysctl.obj (.text:DCC_enableSingleShotMode)
                  00008ee4    00000023                   : gpio.obj (.text:GPIO_isPinValid)
                  00008f07    00000023     ir_sensor.obj (.text:GPIO_isPinValid)
                  00008f2a    00000023     ir_sensor.obj (.text:GPIO_readPin)
                  00008f4d    00000022     board.obj (.text:EPWM_setCounterCompareValue)
                  00008f6f    00000020     board.obj (.text:ECAP_disableInterrupt)
                  00008f8f    0000001f     board.obj (.text:ECAP_enableInterrupt)
                  00008fae    0000001f     board.obj (.text:EPWM_setFallingEdgeDelayCountShadowLoadMode)
                  00008fcd    0000001f     board.obj (.text:EPWM_setRisingEdgeDelayCountShadowLoadMode)
                  00008fec    00000014     driverlib.lib : sysctl.obj (.text:DCC_disableModule)

.text.3    0    00009000    000005eb     
                  00009000    0000001e     driverlib.lib : sysctl.obj (.text:DCC_setCounter0ClkSource)
                  0000901e    0000001e                   : sysctl.obj (.text:DCC_setCounter1ClkSource)
                  0000903c    0000001e                   : ecap.obj (.text:ECAP_setEmulationMode)
                  0000905a    0000001e     board.obj (.text:ECAP_setSyncInPulseSource)
                  00009078    0000001e     board.obj (.text:EPWM_setPhaseShift)
                  00009096    0000001e     driverlib.lib : interrupt.obj (.text:Interrupt_initVectorTable)
                  000090b4    0000001d     board.obj (.text:ECAP_clearInterrupt)
                  000090d1    0000001d     ir_sensor.obj (.text:ECAP_clearInterrupt)
                  000090ee    0000001d     rts2800_fpu32_eabi.lib : memcpy.c.obj (.text)
                  0000910b    0000001c     board.obj (.text:ECAP_disableCounterResetOnEvent)
                  00009127    0000001c     board.obj (.text:ECAP_selectECAPInput)
                  00009143    0000001c     board.obj (.text:ECAP_setSyncOutMode)
                  0000915f    0000001c     board.obj (.text:EPWM_setClockPrescaler)
                  0000917b    0000001c     ir_sensor.obj (.text:EPWM_setClockPrescaler)
                  00009197    0000001b     board.obj (.text:ECAP_enableCounterResetOnEvent)
                  000091b2    0000001a     device.obj (.text:Device_initGPIO)
                  000091cc    0000001a     driverlib.lib : sysctl.obj (.text:SysCtl_getLowSpeedClock)
                  000091e6    00000019                   : sysctl.obj (.text:SysCtl_setPLLSysClk)
                  000091ff    00000018     board.obj (.text:EPWM_disableFallingEdgeDelayCountShadowLoadMode)
                  00009217    00000018     board.obj (.text:EPWM_disableRisingEdgeDelayCountShadowLoadMode)
                  0000922f    00000017     driverlib.lib : pga.obj (.text:PGA_isBaseValid)
                  00009246    00000017     device.obj (.text:SysCtl_enablePeripheral)
                  0000925d    00000017     driverlib.lib : sysctl.obj (.text:SysCtl_enablePeripheral)
                  00009274    00000017     rts2800_fpu32_eabi.lib : boot28.asm.obj (.text)
                  0000928b    00000016     driverlib.lib : sysctl.obj (.text:DCC_disableDoneSignal)
                  000092a1    00000016                   : interrupt.obj (.text:Interrupt_defaultHandler)
                  000092b7    00000015                   : sysctl.obj (.text:DCC_clearDoneFlag)
                  000092cc    00000015                   : sysctl.obj (.text:DCC_clearErrorFlag)
                  000092e1    00000015                   : sysctl.obj (.text:DCC_disableErrorSignal)
                  000092f6    00000015                   : sysctl.obj (.text:DCC_isBaseValid)
                  0000930b    00000015     board.obj (.text:ECAP_disableLoadCounter)
                  00009320    00000015     board.obj (.text:ECAP_disableTimeStampCapture)
                  00009335    00000015     board.obj (.text:ECAP_enableCaptureMode)
                  0000934a    00000015     board.obj (.text:ECAP_enableTimeStampCapture)
                  0000935f    00000015     board.obj (.text:ECAP_reArm)
                  00009374    00000015     ir_sensor.obj (.text:ECAP_reArm)
                  00009389    00000015     board.obj (.text:ECAP_startCounter)
                  0000939e    00000015     board.obj (.text:ECAP_stopCounter)
                  000093b3    00000015     device.obj (.text:GPIO_unlockPortConfig)
                  000093c8    00000014     driverlib.lib : sysctl.obj (.text:DCC_enableModule)
                  000093dc    00000014     board.obj (.text:EPWM_setTimeBaseCounterMode)
                  000093f0    00000014     ir_sensor.obj (.text:EPWM_setTimeBaseCounterMode)
                  00009404    00000014     board.obj (.text:EPWM_setTimeBasePeriod)
                  00009418    00000014     board.obj (.text:LED1_init)
                  0000942c    00000014     board.obj (.text:LED2_init)
                  00009440    00000014     board.obj (.text:OUT_init)
                  00009454    00000014     board.obj (.text:TRIG_init)
                  00009468    00000013     ir_sensor.obj (.text:ECAP_clearGlobalInterrupt)
                  0000947b    00000013     board.obj (.text:ECAP_isBaseValid)
                  0000948e    00000013     driverlib.lib : ecap.obj (.text:ECAP_isBaseValid)
                  000094a1    00000013     ir_sensor.obj (.text:ECAP_isBaseValid)
                  000094b4    00000012     board.obj (.text:EPWM_setTimeBaseCounter)
                  000094c6    00000012     board.obj (.text:SysCtl_setSyncOutputConfig)
                  000094d8    00000011     board.obj (.text:ECAP_setPhaseShiftCount)
                  000094e9    00000011     board.obj (.text:EPWM_disablePhaseShiftLoad)
                  000094fa    0000000f     board.obj (.text:Board_init)
                  00009509    0000000f     board.obj (.text:Interrupt_register)
                  00009518    0000000d     board.obj (.text:INTERRUPT_init)
                  00009525    0000000d     driverlib.lib : interrupt.obj (.text:Interrupt_disableGlobal)
                  00009532    0000000d                   : interrupt.obj (.text:Interrupt_enableGlobal)
                  0000953f    0000000d     device.obj (.text:SysCtl_setLowSpeedClock)
                  0000954c    0000000d     rts2800_fpu32_eabi.lib : copy_zero_init.c.obj (.text:decompress:ZI:__TI_zero_init_nomemset)
                  00009559    0000000c     board.obj (.text:SysCtl_enableExtADCSOCSource)
                  00009565    0000000c     rts2800_fpu32_eabi.lib : args_main.c.obj (.text)
                  00009571    0000000b     device.obj (.text:SysCtl_disableWatchdog)
                  0000957c    0000000b     driverlib.lib : sysctl.obj (.text:SysCtl_isMCDClockFailureDetected)
                  00009587    0000000a                   : interrupt.obj (.text:Interrupt_illegalOperationHandler)
                  00009591    0000000a                   : interrupt.obj (.text:Interrupt_nmiHandler)
                  0000959b    0000000a     board.obj (.text:SYNC_init)
                  000095a5    00000009     board.obj (.text:GPIO_init)
                  000095ae    00000009     rts2800_fpu32_eabi.lib : _lock.c.obj (.text)
                  000095b7    00000008                            : copy_decompress_none.c.obj (.text:decompress:none)
                  000095bf    00000008     f28p55x_codestartbranch.obj (.text)
                  000095c7    00000007     device.obj (.text:ASysCtl_lockVREG)
                  000095ce    00000007     driverlib.lib : sysctl.obj (.text:SysCtl_resetMCD)
                  000095d5    00000007     device.obj (.text:__error__)
                  000095dc    00000006     ir_sensor.obj (.text:Interrupt_clearACKGroup)
                  000095e2    00000004     device.obj (.text:SysCtl_deviceCal)
                  000095e6    00000003     board.obj (.text:ECAP_init)
                  000095e9    00000001     c2000ware_libraries.obj (.text:C2000Ware_libraries_init)
                  000095ea    00000001     rts2800_fpu32_eabi.lib : startup.c.obj (.text)

MODULE SUMMARY

       Module                        code   ro data   rw data
       ------                        ----   -------   -------
    .\
       ir_sensor.obj                 691    179       6      
    +--+-----------------------------+------+---------+---------+
       Total:                        691    179       6      
                                                             
    .\device\
       device.obj                    508    81        0      
       f28p55x_codestartbranch.obj   10     0         0      
    +--+-----------------------------+------+---------+---------+
       Total:                        518    81        0      
                                                             
    .\syscfg\
       board.obj                     1716   119       0      
       c2000ware_libraries.obj       1      0         0      
    +--+-----------------------------+------+---------+---------+
       Total:                        1717   119       0      
                                                             
    D:/C2000Ware_5_02_00_00/driverlib/f28p55x/driverlib/ccs/Debug/driverlib.lib
       sysctl.obj                    1341   154       0      
       gpio.obj                      566    152       0      
       pga.obj                       156    75        0      
       interrupt.obj                 214    0         0      
       ecap.obj                      49     76        0      
    +--+-----------------------------+------+---------+---------+
       Total:                        2326   457       0      
                                                             
    D:\ccs\tools\compiler\ti-cgt-c2000_22.6.1.LTS\lib\rts2800_fpu32_eabi.lib
       fs_div28.asm.obj              136    0         0      
       copy_decompress_lzss.c.obj    48     0         0      
       exit.c.obj                    41     0         6      
       autoinit.c.obj                43     0         0      
       memcpy.c.obj                  29     0         0      
       boot28.asm.obj                23     0         0      
       _lock.c.obj                   9      0         4      
       copy_zero_init.c.obj          13     0         0      
       args_main.c.obj               12     0         0      
       copy_decompress_none.c.obj    8      0         0      
       pre_init.c.obj                2      0         0      
       startup.c.obj                 1      0         0      
    +--+-----------------------------+------+---------+---------+
       Total:                        365    0         10     
                                                             
       Stack:                        0      0         512    
       Linker Generated:             0      26        0      
    +--+-----------------------------+------+---------+---------+
       Grand Total:                  5617   862       528    


LINKER GENERATED COPY TABLES

__TI_cinit_table @ 0000013e records: 2, size/record: 4, table size: 8
	.data: load addr=0000012c, load size=00000008 bytes, run addr=0000a800, run size=0000000a bytes, compression=lzss
	.bss: load addr=0000013a, load size=00000004 bytes, run addr=0000a80a, run size=00000006 bytes, compression=zero_init


LINKER GENERATED HANDLER TABLE

__TI_handler_table @ 00000134 records: 3, size/record: 2, table size: 6
	index: 0, handler: __TI_zero_init
	index: 1, handler: __TI_decompress_lzss
	index: 2, handler: __TI_decompress_none


GLOBAL DATA SYMBOLS: SORTED BY DATA PAGE

address     data page           name
--------    ----------------    ----
00000400      10 (00000400)     __stack

0000a800     2a0 (0000a800)     __TI_enable_exit_profile_output
0000a802     2a0 (0000a800)     __TI_cleanup_ptr
0000a804     2a0 (0000a800)     __TI_dtors_ptr
0000a806     2a0 (0000a800)     _lock
0000a808     2a0 (0000a800)     _unlock
0000a80a     2a0 (0000a800)     obj
0000a80c     2a0 (0000a800)     clk_no
0000a80e     2a0 (0000a800)     dist


GLOBAL SYMBOLS: SORTED ALPHABETICALLY BY Name 

page  address   name                             
----  -------   ----                             
0     000094fa  Board_init                       
0     00008dfe  C$$EXIT                          
0     000095e9  C2000Ware_libraries_init         
0     00008577  Device_enableAllPeripherals      
0     0000864f  Device_init                      
0     000091b2  Device_initGPIO                  
0     00008800  ECAP_ECHO_init                   
0     000095e6  ECAP_init                        
0     0000903c  ECAP_setEmulationMode            
0     00008000  EPWM_init                        
0     000095a5  GPIO_init                        
0     0000848c  GPIO_setAnalogMode               
0     00008c04  GPIO_setControllerCore           
0     00008d17  GPIO_setDirectionMode            
0     000088e4  GPIO_setPadConfig                
0     00008c3b  GPIO_setPinConfig                
0     00008c72  GPIO_setQualificationMode        
0     00009518  INTERRUPT_init                   
0     00008278  INT_ECAP_ECHO_ISR                
0     000092a1  Interrupt_defaultHandler         
0     00008ca9  Interrupt_enable                 
0     00009587  Interrupt_illegalOperationHandler
0     00008b51  Interrupt_initModule             
0     00009096  Interrupt_initVectorTable        
0     00009591  Interrupt_nmiHandler             
0     00009418  LED1_init                        
0     0000942c  LED2_init                        
0     00009440  OUT_init                         
0     00008a92  PGA_setOffsetTrimNMOS            
0     00008a0c  PGA_setOffsetTrimPMOS            
0     00008936  PinMux_init                      
0     0000959b  SYNC_init                        
0     00000128  SysCtl_delay                     
0     0000887f  SysCtl_getClock                  
0     000091cc  SysCtl_getLowSpeedClock          
0     0000838e  SysCtl_isPLLValid                
0     00008a50  SysCtl_selectOscSource           
0     00008981  SysCtl_selectXTAL                
0     00008e9b  SysCtl_selectXTALSingleEnded     
0     00008155  SysCtl_setClock                  
0     00009454  TRIG_init                        
0     0000013e  __TI_CINIT_Base                  
0     00000146  __TI_CINIT_Limit                 
0     00000146  __TI_CINIT_Warm                  
0     00000134  __TI_Handler_Table_Base          
0     0000013a  __TI_Handler_Table_Limit         
0     00000600  __TI_STACK_END                   
abs   00000200  __TI_STACK_SIZE                  
0     00008dd3  __TI_auto_init_nobinit_nopinit   
0     0000a802  __TI_cleanup_ptr                 
0     00008d78  __TI_decompress_lzss             
0     000095b7  __TI_decompress_none             
0     0000a804  __TI_dtors_ptr                   
0     0000a800  __TI_enable_exit_profile_output  
abs   ffffffff  __TI_pprof_out_hndl              
abs   ffffffff  __TI_prof_data_size              
abs   ffffffff  __TI_prof_data_start             
0     0000954c  __TI_zero_init_nomemset          
0     00008703  __c28xabi_divf                   
n/a   UNDEFED   __c_args__                       
0     000095d5  __error__                        
0     00000400  __stack                          
0     00009565  _args_main                       
0     00009274  _c_int00                         
0     0000a806  _lock                            
0     000095b6  _nop                             
0     000095b2  _register_lock                   
0     000095ae  _register_unlock                 
0     000095ea  _system_post_cinit               
0     000087fe  _system_pre_init                 
0     0000a808  _unlock                          
0     00008dfe  abort                            
0     0000a80c  clk_no                           
0     00000000  code_start                       
0     0000a80e  dist                             
0     00008e00  exit                             
0     00008ce0  main                             
0     000090ee  memcpy                           
0     0000a80a  obj                              


GLOBAL SYMBOLS: SORTED BY Symbol Address 

page  address   name                             
----  -------   ----                             
0     00000000  code_start                       
0     00000128  SysCtl_delay                     
0     00000134  __TI_Handler_Table_Base          
0     0000013a  __TI_Handler_Table_Limit         
0     0000013e  __TI_CINIT_Base                  
0     00000146  __TI_CINIT_Limit                 
0     00000146  __TI_CINIT_Warm                  
0     00000400  __stack                          
0     00000600  __TI_STACK_END                   
0     00008000  EPWM_init                        
0     00008155  SysCtl_setClock                  
0     00008278  INT_ECAP_ECHO_ISR                
0     0000838e  SysCtl_isPLLValid                
0     0000848c  GPIO_setAnalogMode               
0     00008577  Device_enableAllPeripherals      
0     0000864f  Device_init                      
0     00008703  __c28xabi_divf                   
0     000087fe  _system_pre_init                 
0     00008800  ECAP_ECHO_init                   
0     0000887f  SysCtl_getClock                  
0     000088e4  GPIO_setPadConfig                
0     00008936  PinMux_init                      
0     00008981  SysCtl_selectXTAL                
0     00008a0c  PGA_setOffsetTrimPMOS            
0     00008a50  SysCtl_selectOscSource           
0     00008a92  PGA_setOffsetTrimNMOS            
0     00008b51  Interrupt_initModule             
0     00008c04  GPIO_setControllerCore           
0     00008c3b  GPIO_setPinConfig                
0     00008c72  GPIO_setQualificationMode        
0     00008ca9  Interrupt_enable                 
0     00008ce0  main                             
0     00008d17  GPIO_setDirectionMode            
0     00008d78  __TI_decompress_lzss             
0     00008dd3  __TI_auto_init_nobinit_nopinit   
0     00008dfe  C$$EXIT                          
0     00008dfe  abort                            
0     00008e00  exit                             
0     00008e9b  SysCtl_selectXTALSingleEnded     
0     0000903c  ECAP_setEmulationMode            
0     00009096  Interrupt_initVectorTable        
0     000090ee  memcpy                           
0     000091b2  Device_initGPIO                  
0     000091cc  SysCtl_getLowSpeedClock          
0     00009274  _c_int00                         
0     000092a1  Interrupt_defaultHandler         
0     00009418  LED1_init                        
0     0000942c  LED2_init                        
0     00009440  OUT_init                         
0     00009454  TRIG_init                        
0     000094fa  Board_init                       
0     00009518  INTERRUPT_init                   
0     0000954c  __TI_zero_init_nomemset          
0     00009565  _args_main                       
0     00009587  Interrupt_illegalOperationHandler
0     00009591  Interrupt_nmiHandler             
0     0000959b  SYNC_init                        
0     000095a5  GPIO_init                        
0     000095ae  _register_unlock                 
0     000095b2  _register_lock                   
0     000095b6  _nop                             
0     000095b7  __TI_decompress_none             
0     000095d5  __error__                        
0     000095e6  ECAP_init                        
0     000095e9  C2000Ware_libraries_init         
0     000095ea  _system_post_cinit               
0     0000a800  __TI_enable_exit_profile_output  
0     0000a802  __TI_cleanup_ptr                 
0     0000a804  __TI_dtors_ptr                   
0     0000a806  _lock                            
0     0000a808  _unlock                          
0     0000a80a  obj                              
0     0000a80c  clk_no                           
0     0000a80e  dist                             
abs   00000200  __TI_STACK_SIZE                  
abs   ffffffff  __TI_pprof_out_hndl              
abs   ffffffff  __TI_prof_data_size              
abs   ffffffff  __TI_prof_data_start             
n/a   UNDEFED   __c_args__                       

[79 symbols]
