******************************************************************************
             TMS320C2000 Linker PC v22.6.1                     
******************************************************************************
>> Linked Thu Jun 20 15:01:44 2024

OUTPUT FILE NAME:   <UART_IRsensor.out>
ENTRY POINT SYMBOL: "code_start"  address: 00000000


MEMORY CONFIGURATION

         name            origin    length      used     unused   attr    fill
----------------------  --------  ---------  --------  --------  ----  --------
  BEGIN                 00000000   00000002  00000002  00000000  RWIX
  BOOT_RSVD             00000002   00000126  00000000  00000126  RWIX
  RAMM0                 00000128   000002d8  0000001e  000002ba  RWIX
  RAMM1                 00000400   00000400  00000200  00000200  RWIX
  CLATOCPURAM           00001480   00000080  00000000  00000080  RWIX
  CPUTOCLARAM           00001500   00000080  00000000  00000080  RWIX
  CLATODMARAM           00001680   00000080  00000000  00000080  RWIX
  DMATOCLARAM           00001700   00000080  00000000  00000080  RWIX
  RAMLS0                00008000   00000800  00000800  00000000  RWIX
  RAMLS1                00008800   00000800  00000800  00000000  RWIX
  RAMLS2                00009000   00000800  00000800  00000000  RWIX
  RAMLS3                00009800   00000800  00000185  0000067b  RWIX
  RAMLS4                0000a000   00000800  00000000  00000800  RWIX
  RAMLS5                0000a800   00000800  0000052b  000002d5  RWIX
  RAMLS6                0000b000   00000800  00000000  00000800  RWIX
  RAMLS7                0000b800   00000800  00000000  00000800  RWIX
  RAMGS0                0000c000   00002000  00000000  00002000  RWIX
  RAMGS1                0000e000   00002000  00000000  00002000  RWIX
  RAMGS2                00010000   00002000  00000000  00002000  RWIX
  RAMGS3                00012000   00002000  00000000  00002000  RWIX
  RAMLS8                00014000   00002000  00000000  00002000  RWIX
  RAMLS9                00016000   00002000  00000000  00002000  RWIX
  FLASH_BANK0           00080000   00020000  00000000  00020000  RWIX
  FLASH_BANK1           000a0000   00020000  00000000  00020000  RWIX
  FLASH_BANK2           000c0000   00020000  00000000  00020000  RWIX
  FLASH_BANK3           000e0000   00020000  00000000  00020000  RWIX
  FLASH_BANK4           00100000   00020000  00000000  00020000  RWIX
  RESET                 003fffc0   00000002  00000000  00000002  RWIX


SECTION ALLOCATION MAP

 output                                  attributes/
section   page    origin      length       input sections
--------  ----  ----------  ----------   ----------------
codestart 
*          0    00000000    00000002     
                  00000000    00000002     f28p55x_codestartbranch.obj (codestart)

.cinit     0    0000012c    0000001a     
                  0000012c    00000008     (.cinit..data.load) [load image, compression = lzss]
                  00000134    00000006     (__TI_handler_table)
                  0000013a    00000004     (.cinit..bss.load) [load image, compression = zero_init]
                  0000013e    00000008     (__TI_cinit_table)

.reset     0    003fffc0    00000000     DSECT

.stack     0    00000400    00000200     UNINITIALIZED
                  00000400    00000200     --HOLE--

.bss       0    0000a800    00000014     UNINITIALIZED
                  0000a800    00000014     ir_sensor.obj (.bss)

.init_array 
*          0    00000128    00000000     UNINITIALIZED

.data      0    0000a814    0000000a     UNINITIALIZED
                  0000a814    00000006     rts2800_fpu32_eabi.lib : exit.c.obj (.data)
                  0000a81a    00000002                            : _lock.c.obj (.data:_lock)
                  0000a81c    00000002                            : _lock.c.obj (.data:_unlock)

.const     0    0000a81e    0000050d     
                  0000a81e    000001a8     ir_sensor.obj (.const:.string)
                  0000a9c6    000000b2     board.obj (.const:.string)
                  0000aa78    0000009a     driverlib.lib : sysctl.obj (.const:.string)
                  0000ab12    00000098                   : gpio.obj (.const:.string)
                  0000abaa    00000097                   : sci.obj (.const:.string)
                  0000ac41    00000001     --HOLE-- [fill = 0]
                  0000ac42    00000051     device.obj (.const:.string)
                  0000ac93    00000001     --HOLE-- [fill = 0]
                  0000ac94    0000004c     driverlib.lib : ecap.obj (.const:.string)
                  0000ace0    0000004b                   : pga.obj (.const:.string)

.TI.ramfunc 
*          0    00000128    00000004     
                  00000128    00000004     driverlib.lib : sysctl.obj (.TI.ramfunc)

.text.1    0    00008000    00000800     
                  00008000    00000155     board.obj (.text:EPWM_init)
                  00008155    00000123     driverlib.lib : sysctl.obj (.text:SysCtl_setClock)
                  00008278    000000fe                   : sysctl.obj (.text:SysCtl_isPLLValid)
                  00008376    000000eb                   : gpio.obj (.text:GPIO_setAnalogMode)
                  00008461    000000d8     device.obj (.text:Device_enableAllPeripherals)
                  00008539    000000b4     device.obj (.text:Device_init)
                  000085ed    00000088     rts2800_fpu32_eabi.lib : fs_div28.asm.obj (.text)
                  00008675    0000007f     board.obj (.text:ECAP_ECHO_init)
                  000086f4    00000073     driverlib.lib : sysctl.obj (.text:DCC_setCounterSeeds)
                  00008767    0000006b     board.obj (.text:PinMux_init)
                  000087d2    0000002b     board.obj (.text:ECAP_setCaptureMode)
                  000087fd    00000003     board.obj (.text:ECAP_init)

.text.2    0    00008800    00000800     
                  00008800    00000069     ir_sensor.obj (.text:print_integer)
                  00008869    00000065     driverlib.lib : sysctl.obj (.text:SysCtl_getClock)
                  000088ce    00000062     ir_sensor.obj (.text:INT_ECAP_ECHO_ISR)
                  00008930    00000052     driverlib.lib : gpio.obj (.text:GPIO_setPadConfig)
                  00008982    0000004c     ir_sensor.obj (.text:display_menu)
                  000089ce    00000046     driverlib.lib : sysctl.obj (.text:SysCtl_selectXTAL)
                  00008a14    00000045                   : sci.obj (.text:SCI_clearInterruptStatus)
                  00008a59    00000045                   : sysctl.obj (.text:SysCtl_pollX1Counter)
                  00008a9e    00000044                   : pga.obj (.text:PGA_setOffsetTrimPMOS)
                  00008ae2    00000042                   : sysctl.obj (.text:SysCtl_selectOscSource)
                  00008b24    00000041                   : pga.obj (.text:PGA_setOffsetTrimNMOS)
                  00008b65    00000041                   : sci.obj (.text:SCI_writeCharArray)
                  00008ba6    00000040     board.obj (.text:EPWM_setActionQualifierAction)
                  00008be6    00000040     ir_sensor.obj (.text:process_command)
                  00008c26    0000003e     board.obj (.text:EPWM_setCounterCompareShadowLoadMode)
                  00008c64    0000003e     driverlib.lib : sci.obj (.text:SCI_setConfig)
                  00008ca2    0000003e     ir_sensor.obj (.text:main)
                  00008ce0    0000003d     driverlib.lib : interrupt.obj (.text:Interrupt_initModule)
                  00008d1d    0000003d     board.obj (.text:mySCI0_init)
                  00008d5a    0000003b     board.obj (.text:EPWM_isBaseValid)
                  00008d95    0000003b     ir_sensor.obj (.text:EPWM_isBaseValid)
                  00008dd0    00000037     driverlib.lib : gpio.obj (.text:GPIO_setControllerCore)
                  00008e07    00000037                   : gpio.obj (.text:GPIO_setPinConfig)
                  00008e3e    00000037                   : gpio.obj (.text:GPIO_setQualificationMode)
                  00008e75    00000037                   : interrupt.obj (.text:Interrupt_enable)
                  00008eac    00000031                   : gpio.obj (.text:GPIO_setDirectionMode)
                  00008edd    00000030     ir_sensor.obj (.text:ECAP_getEventTimeStamp)
                  00008f0d    00000030     rts2800_fpu32_eabi.lib : copy_decompress_lzss.c.obj (.text:decompress:lzss)
                  00008f3d    0000002b                            : autoinit.c.obj (.text:__TI_auto_init_nobinit_nopinit)
                  00008f68    00000029                            : exit.c.obj (.text)
                  00008f91    00000028     board.obj (.text:ECAP_setEventPrescaler)
                  00008fb9    00000027     ir_sensor.obj (.text:GPIO_writePin)
                  00008fe0    00000020     board.obj (.text:ECAP_disableInterrupt)

.text.3    0    00009000    00000800     
                  00009000    00000026     board.obj (.text:SCI_setFIFOInterruptLevel)
                  00009026    00000025     board.obj (.text:ECAP_setEventPolarity)
                  0000904b    00000025     driverlib.lib : sysctl.obj (.text:SysCtl_selectXTALSingleEnded)
                  00009070    00000024                   : sysctl.obj (.text:DCC_enableSingleShotMode)
                  00009094    00000023                   : gpio.obj (.text:GPIO_isPinValid)
                  000090b7    00000023     ir_sensor.obj (.text:GPIO_isPinValid)
                  000090da    00000023     ir_sensor.obj (.text:GPIO_readPin)
                  000090fd    00000022     board.obj (.text:EPWM_setCounterCompareValue)
                  0000911f    00000022     rts2800_fpu32_eabi.lib : i_div28.asm.obj (.text)
                  00009141    00000020     driverlib.lib : sci.obj (.text:SCI_isFIFOEnabled)
                  00009161    0000001f     board.obj (.text:ECAP_enableInterrupt)
                  00009180    0000001f     board.obj (.text:EPWM_setFallingEdgeDelayCountShadowLoadMode)
                  0000919f    0000001f     board.obj (.text:EPWM_setRisingEdgeDelayCountShadowLoadMode)
                  000091be    0000001e     driverlib.lib : sysctl.obj (.text:DCC_setCounter0ClkSource)
                  000091dc    0000001e                   : sysctl.obj (.text:DCC_setCounter1ClkSource)
                  000091fa    0000001e                   : ecap.obj (.text:ECAP_setEmulationMode)
                  00009218    0000001e     board.obj (.text:ECAP_setSyncInPulseSource)
                  00009236    0000001e     board.obj (.text:EPWM_setPhaseShift)
                  00009254    0000001e     driverlib.lib : interrupt.obj (.text:Interrupt_initVectorTable)
                  00009272    0000001e     ir_sensor.obj (.text:SCI_readCharBlockingFIFO)
                  00009290    0000001d     board.obj (.text:ECAP_clearInterrupt)
                  000092ad    0000001d     ir_sensor.obj (.text:ECAP_clearInterrupt)
                  000092ca    0000001d     board.obj (.text:SCI_enableFIFO)
                  000092e7    0000001d     rts2800_fpu32_eabi.lib : memcpy.c.obj (.text)
                  00009304    0000001c     board.obj (.text:ECAP_disableCounterResetOnEvent)
                  00009320    0000001c     board.obj (.text:ECAP_selectECAPInput)
                  0000933c    0000001c     board.obj (.text:ECAP_setSyncOutMode)
                  00009358    0000001c     board.obj (.text:EPWM_setClockPrescaler)
                  00009374    0000001c     ir_sensor.obj (.text:EPWM_setClockPrescaler)
                  00009390    0000001b     board.obj (.text:ECAP_enableCounterResetOnEvent)
                  000093ab    0000001a     device.obj (.text:Device_initGPIO)
                  000093c5    0000001a     driverlib.lib : sci.obj (.text:SCI_isSpaceAvailableNonFIFO)
                  000093df    0000001a                   : sysctl.obj (.text:SysCtl_getLowSpeedClock)
                  000093f9    00000019                   : sysctl.obj (.text:SysCtl_setPLLSysClk)
                  00009412    00000018     board.obj (.text:EPWM_disableFallingEdgeDelayCountShadowLoadMode)
                  0000942a    00000018     board.obj (.text:EPWM_disableRisingEdgeDelayCountShadowLoadMode)
                  00009442    00000018     driverlib.lib : sci.obj (.text:SCI_disableModule)
                  0000945a    00000018     board.obj (.text:SCI_performSoftwareReset)
                  00009472    00000018     driverlib.lib : sci.obj (.text:SCI_performSoftwareReset)
                  0000948a    00000018     board.obj (.text:SCI_resetChannels)
                  000094a2    00000018     board.obj (.text:SCI_resetRxFIFO)
                  000094ba    00000018     board.obj (.text:SCI_resetTxFIFO)
                  000094d2    00000017     driverlib.lib : pga.obj (.text:PGA_isBaseValid)
                  000094e9    00000017     board.obj (.text:SCI_isBaseValid)
                  00009500    00000017     driverlib.lib : sci.obj (.text:SCI_isBaseValid)
                  00009517    00000017     ir_sensor.obj (.text:SCI_isBaseValid)
                  0000952e    00000017     device.obj (.text:SysCtl_enablePeripheral)
                  00009545    00000017     driverlib.lib : sysctl.obj (.text:SysCtl_enablePeripheral)
                  0000955c    00000017     rts2800_fpu32_eabi.lib : boot28.asm.obj (.text)
                  00009573    00000016     driverlib.lib : sysctl.obj (.text:DCC_disableDoneSignal)
                  00009589    00000016                   : interrupt.obj (.text:Interrupt_defaultHandler)
                  0000959f    00000015                   : sysctl.obj (.text:DCC_clearDoneFlag)
                  000095b4    00000015                   : sysctl.obj (.text:DCC_clearErrorFlag)
                  000095c9    00000015                   : sysctl.obj (.text:DCC_disableErrorSignal)
                  000095de    00000015                   : sysctl.obj (.text:DCC_isBaseValid)
                  000095f3    00000015     board.obj (.text:ECAP_disableLoadCounter)
                  00009608    00000015     board.obj (.text:ECAP_disableTimeStampCapture)
                  0000961d    00000015     board.obj (.text:ECAP_enableCaptureMode)
                  00009632    00000015     board.obj (.text:ECAP_enableTimeStampCapture)
                  00009647    00000015     board.obj (.text:ECAP_reArm)
                  0000965c    00000015     ir_sensor.obj (.text:ECAP_reArm)
                  00009671    00000015     board.obj (.text:ECAP_startCounter)
                  00009686    00000015     board.obj (.text:ECAP_stopCounter)
                  0000969b    00000015     device.obj (.text:GPIO_unlockPortConfig)
                  000096b0    00000014     driverlib.lib : sysctl.obj (.text:DCC_disableModule)
                  000096c4    00000014                   : sysctl.obj (.text:DCC_enableModule)
                  000096d8    00000014     board.obj (.text:EPWM_setTimeBaseCounterMode)
                  000096ec    00000014     ir_sensor.obj (.text:EPWM_setTimeBaseCounterMode)
                  00009700    00000014     board.obj (.text:EPWM_setTimeBasePeriod)
                  00009714    00000014     board.obj (.text:LED1_init)
                  00009728    00000014     board.obj (.text:LED2_init)
                  0000973c    00000014     board.obj (.text:OUT_init)
                  00009750    00000014     ir_sensor.obj (.text:SCI_getRxFIFOStatus)
                  00009764    00000014     driverlib.lib : sci.obj (.text:SCI_getTxFIFOStatus)
                  00009778    00000014     board.obj (.text:TRIG_init)
                  0000978c    00000013     ir_sensor.obj (.text:ECAP_clearGlobalInterrupt)
                  0000979f    00000013     board.obj (.text:ECAP_isBaseValid)
                  000097b2    00000013     driverlib.lib : ecap.obj (.text:ECAP_isBaseValid)
                  000097c5    00000013     ir_sensor.obj (.text:ECAP_isBaseValid)
                  000097d8    00000013     board.obj (.text:SCI_clearOverflowStatus)
                  000097eb    00000013     board.obj (.text:SCI_enableModule)
                  000097fe    00000002     rts2800_fpu32_eabi.lib : pre_init.c.obj (.text)

.text.4    0    00009800    00000185     
                  00009800    00000013     driverlib.lib : sci.obj (.text:SCI_enableModule)
                  00009813    00000012     board.obj (.text:EPWM_setTimeBaseCounter)
                  00009825    00000012     board.obj (.text:SysCtl_setSyncOutputConfig)
                  00009837    00000011     board.obj (.text:Board_init)
                  00009848    00000011     board.obj (.text:ECAP_setPhaseShiftCount)
                  00009859    00000011     board.obj (.text:EPWM_disablePhaseShiftLoad)
                  0000986a    00000011     board.obj (.text:SCI_disableLoopback)
                  0000987b    00000010     ir_sensor.obj (.text:SCI_getRxStatus)
                  0000988b    00000010     ir_sensor.obj (.text:get_command)
                  0000989b    0000000f     board.obj (.text:Interrupt_register)
                  000098aa    0000000d     board.obj (.text:INTERRUPT_init)
                  000098b7    0000000d     driverlib.lib : interrupt.obj (.text:Interrupt_disableGlobal)
                  000098c4    0000000d                   : interrupt.obj (.text:Interrupt_enableGlobal)
                  000098d1    0000000d     device.obj (.text:SysCtl_setLowSpeedClock)
                  000098de    0000000d     rts2800_fpu32_eabi.lib : copy_zero_init.c.obj (.text:decompress:ZI:__TI_zero_init_nomemset)
                  000098eb    0000000c     board.obj (.text:SysCtl_enableExtADCSOCSource)
                  000098f7    0000000c     rts2800_fpu32_eabi.lib : args_main.c.obj (.text)
                  00009903    0000000b     device.obj (.text:SysCtl_disableWatchdog)
                  0000990e    0000000b     driverlib.lib : sysctl.obj (.text:SysCtl_isMCDClockFailureDetected)
                  00009919    0000000a                   : interrupt.obj (.text:Interrupt_illegalOperationHandler)
                  00009923    0000000a                   : interrupt.obj (.text:Interrupt_nmiHandler)
                  0000992d    0000000a     board.obj (.text:SYNC_init)
                  00009937    00000009     board.obj (.text:GPIO_init)
                  00009940    00000009     rts2800_fpu32_eabi.lib : _lock.c.obj (.text)
                  00009949    00000008                            : copy_decompress_none.c.obj (.text:decompress:none)
                  00009951    00000008     f28p55x_codestartbranch.obj (.text)
                  00009959    00000008     rts2800_fpu32_eabi.lib : strlen.c.obj (.text)
                  00009961    00000007     device.obj (.text:ASysCtl_lockVREG)
                  00009968    00000007     driverlib.lib : sysctl.obj (.text:SysCtl_resetMCD)
                  0000996f    00000007     device.obj (.text:__error__)
                  00009976    00000006     ir_sensor.obj (.text:Interrupt_clearACKGroup)
                  0000997c    00000004     device.obj (.text:SysCtl_deviceCal)
                  00009980    00000003     board.obj (.text:SCI_init)
                  00009983    00000001     c2000ware_libraries.obj (.text:C2000Ware_libraries_init)
                  00009984    00000001     rts2800_fpu32_eabi.lib : startup.c.obj (.text)

MODULE SUMMARY

       Module                        code   ro data   rw data
       ------                        ----   -------   -------
    .\
       ir_sensor.obj                 868    424       20     
    +--+-----------------------------+------+---------+---------+
       Total:                        868    424       20     
                                                             
    .\device\
       device.obj                    508    81        0      
       f28p55x_codestartbranch.obj   10     0         0      
    +--+-----------------------------+------+---------+---------+
       Total:                        518    81        0      
                                                             
    .\syscfg\
       board.obj                     2055   178       0      
       c2000ware_libraries.obj       1      0         0      
    +--+-----------------------------+------+---------+---------+
       Total:                        2056   178       0      
                                                             
    D:/C2000Ware_5_02_00_00/driverlib/f28p55x/driverlib/ccs/Debug/driverlib.lib
       sysctl.obj                    1341   154       0      
       gpio.obj                      566    152       0      
       sci.obj                       364    151       0      
       pga.obj                       156    75        0      
       interrupt.obj                 214    0         0      
       ecap.obj                      49     76        0      
    +--+-----------------------------+------+---------+---------+
       Total:                        2690   608       0      
                                                             
    D:\ccs\tools\compiler\ti-cgt-c2000_22.6.1.LTS\lib\rts2800_fpu32_eabi.lib
       fs_div28.asm.obj              136    0         0      
       copy_decompress_lzss.c.obj    48     0         0      
       exit.c.obj                    41     0         6      
       autoinit.c.obj                43     0         0      
       i_div28.asm.obj               34     0         0      
       memcpy.c.obj                  29     0         0      
       boot28.asm.obj                23     0         0      
       _lock.c.obj                   9      0         4      
       copy_zero_init.c.obj          13     0         0      
       args_main.c.obj               12     0         0      
       copy_decompress_none.c.obj    8      0         0      
       strlen.c.obj                  8      0         0      
       pre_init.c.obj                2      0         0      
       startup.c.obj                 1      0         0      
    +--+-----------------------------+------+---------+---------+
       Total:                        407    0         10     
                                                             
       Stack:                        0      0         512    
       Linker Generated:             0      26        0      
    +--+-----------------------------+------+---------+---------+
       Grand Total:                  6539   1317      542    


LINKER GENERATED COPY TABLES

__TI_cinit_table @ 0000013e records: 2, size/record: 4, table size: 8
	.data: load addr=0000012c, load size=00000008 bytes, run addr=0000a814, run size=0000000a bytes, compression=lzss
	.bss: load addr=0000013a, load size=00000004 bytes, run addr=0000a800, run size=00000014 bytes, compression=zero_init


LINKER GENERATED HANDLER TABLE

__TI_handler_table @ 00000134 records: 3, size/record: 2, table size: 6
	index: 0, handler: __TI_zero_init
	index: 1, handler: __TI_decompress_lzss
	index: 2, handler: __TI_decompress_none


GLOBAL DATA SYMBOLS: SORTED BY DATA PAGE

address     data page           name
--------    ----------------    ----
00000400      10 (00000400)     __stack

0000a800     2a0 (0000a800)     receivedChar
0000a802     2a0 (0000a800)     obj
0000a804     2a0 (0000a800)     cmd
0000a806     2a0 (0000a800)     clk_no
0000a808     2a0 (0000a800)     dist
0000a80a     2a0 (0000a800)     msg1
0000a80c     2a0 (0000a800)     msg2
0000a80e     2a0 (0000a800)     msg3
0000a810     2a0 (0000a800)     msg4
0000a812     2a0 (0000a800)     msg5
0000a814     2a0 (0000a800)     __TI_enable_exit_profile_output
0000a816     2a0 (0000a800)     __TI_cleanup_ptr
0000a818     2a0 (0000a800)     __TI_dtors_ptr
0000a81a     2a0 (0000a800)     _lock
0000a81c     2a0 (0000a800)     _unlock


GLOBAL SYMBOLS: SORTED ALPHABETICALLY BY Name 

page  address   name                             
----  -------   ----                             
0     00009837  Board_init                       
0     00008f68  C$$EXIT                          
0     00009983  C2000Ware_libraries_init         
0     00008461  Device_enableAllPeripherals      
0     00008539  Device_init                      
0     000093ab  Device_initGPIO                  
0     00008675  ECAP_ECHO_init                   
0     000087fd  ECAP_init                        
0     000091fa  ECAP_setEmulationMode            
0     00008000  EPWM_init                        
0     00009937  GPIO_init                        
0     00008376  GPIO_setAnalogMode               
0     00008dd0  GPIO_setControllerCore           
0     00008eac  GPIO_setDirectionMode            
0     00008930  GPIO_setPadConfig                
0     00008e07  GPIO_setPinConfig                
0     00008e3e  GPIO_setQualificationMode        
0     000098aa  INTERRUPT_init                   
0     000088ce  INT_ECAP_ECHO_ISR                
0     00009589  Interrupt_defaultHandler         
0     00008e75  Interrupt_enable                 
0     00009919  Interrupt_illegalOperationHandler
0     00008ce0  Interrupt_initModule             
0     00009254  Interrupt_initVectorTable        
0     00009923  Interrupt_nmiHandler             
0     00009714  LED1_init                        
0     00009728  LED2_init                        
0     0000973c  OUT_init                         
0     00008b24  PGA_setOffsetTrimNMOS            
0     00008a9e  PGA_setOffsetTrimPMOS            
0     00008767  PinMux_init                      
0     00008a14  SCI_clearInterruptStatus         
0     00009980  SCI_init                         
0     00008c64  SCI_setConfig                    
0     00008b65  SCI_writeCharArray               
0     0000992d  SYNC_init                        
0     00000128  SysCtl_delay                     
0     00008869  SysCtl_getClock                  
0     000093df  SysCtl_getLowSpeedClock          
0     00008278  SysCtl_isPLLValid                
0     00008ae2  SysCtl_selectOscSource           
0     000089ce  SysCtl_selectXTAL                
0     0000904b  SysCtl_selectXTALSingleEnded     
0     00008155  SysCtl_setClock                  
0     00009778  TRIG_init                        
0     0000013e  __TI_CINIT_Base                  
0     00000146  __TI_CINIT_Limit                 
0     00000146  __TI_CINIT_Warm                  
0     00000134  __TI_Handler_Table_Base          
0     0000013a  __TI_Handler_Table_Limit         
0     00000600  __TI_STACK_END                   
abs   00000200  __TI_STACK_SIZE                  
0     00008f3d  __TI_auto_init_nobinit_nopinit   
0     0000a816  __TI_cleanup_ptr                 
0     00008f0d  __TI_decompress_lzss             
0     00009949  __TI_decompress_none             
0     0000a818  __TI_dtors_ptr                   
0     0000a814  __TI_enable_exit_profile_output  
abs   ffffffff  __TI_pprof_out_hndl              
abs   ffffffff  __TI_prof_data_size              
abs   ffffffff  __TI_prof_data_start             
0     000098de  __TI_zero_init_nomemset          
0     000085ed  __c28xabi_divf                   
0     0000911f  __c28xabi_divi                   
0     00009130  __c28xabi_modi                   
n/a   UNDEFED   __c_args__                       
0     0000996f  __error__                        
0     00000400  __stack                          
0     000098f7  _args_main                       
0     0000955c  _c_int00                         
0     0000a81a  _lock                            
0     00009948  _nop                             
0     00009944  _register_lock                   
0     00009940  _register_unlock                 
0     00009984  _system_post_cinit               
0     000097fe  _system_pre_init                 
0     0000a81c  _unlock                          
0     00008f68  abort                            
0     0000a806  clk_no                           
0     0000a804  cmd                              
0     00000000  code_start                       
0     00008982  display_menu                     
0     0000a808  dist                             
0     00008f6a  exit                             
0     0000988b  get_command                      
0     00008ca2  main                             
0     000092e7  memcpy                           
0     0000a80a  msg1                             
0     0000a80c  msg2                             
0     0000a80e  msg3                             
0     0000a810  msg4                             
0     0000a812  msg5                             
0     00008d1d  mySCI0_init                      
0     0000a802  obj                              
0     00008800  print_integer                    
0     00008be6  process_command                  
0     0000a800  receivedChar                     
0     00009959  strlen                           


GLOBAL SYMBOLS: SORTED BY Symbol Address 

page  address   name                             
----  -------   ----                             
0     00000000  code_start                       
0     00000128  SysCtl_delay                     
0     00000134  __TI_Handler_Table_Base          
0     0000013a  __TI_Handler_Table_Limit         
0     0000013e  __TI_CINIT_Base                  
0     00000146  __TI_CINIT_Limit                 
0     00000146  __TI_CINIT_Warm                  
0     00000400  __stack                          
0     00000600  __TI_STACK_END                   
0     00008000  EPWM_init                        
0     00008155  SysCtl_setClock                  
0     00008278  SysCtl_isPLLValid                
0     00008376  GPIO_setAnalogMode               
0     00008461  Device_enableAllPeripherals      
0     00008539  Device_init                      
0     000085ed  __c28xabi_divf                   
0     00008675  ECAP_ECHO_init                   
0     00008767  PinMux_init                      
0     000087fd  ECAP_init                        
0     00008800  print_integer                    
0     00008869  SysCtl_getClock                  
0     000088ce  INT_ECAP_ECHO_ISR                
0     00008930  GPIO_setPadConfig                
0     00008982  display_menu                     
0     000089ce  SysCtl_selectXTAL                
0     00008a14  SCI_clearInterruptStatus         
0     00008a9e  PGA_setOffsetTrimPMOS            
0     00008ae2  SysCtl_selectOscSource           
0     00008b24  PGA_setOffsetTrimNMOS            
0     00008b65  SCI_writeCharArray               
0     00008be6  process_command                  
0     00008c64  SCI_setConfig                    
0     00008ca2  main                             
0     00008ce0  Interrupt_initModule             
0     00008d1d  mySCI0_init                      
0     00008dd0  GPIO_setControllerCore           
0     00008e07  GPIO_setPinConfig                
0     00008e3e  GPIO_setQualificationMode        
0     00008e75  Interrupt_enable                 
0     00008eac  GPIO_setDirectionMode            
0     00008f0d  __TI_decompress_lzss             
0     00008f3d  __TI_auto_init_nobinit_nopinit   
0     00008f68  C$$EXIT                          
0     00008f68  abort                            
0     00008f6a  exit                             
0     0000904b  SysCtl_selectXTALSingleEnded     
0     0000911f  __c28xabi_divi                   
0     00009130  __c28xabi_modi                   
0     000091fa  ECAP_setEmulationMode            
0     00009254  Interrupt_initVectorTable        
0     000092e7  memcpy                           
0     000093ab  Device_initGPIO                  
0     000093df  SysCtl_getLowSpeedClock          
0     0000955c  _c_int00                         
0     00009589  Interrupt_defaultHandler         
0     00009714  LED1_init                        
0     00009728  LED2_init                        
0     0000973c  OUT_init                         
0     00009778  TRIG_init                        
0     000097fe  _system_pre_init                 
0     00009837  Board_init                       
0     0000988b  get_command                      
0     000098aa  INTERRUPT_init                   
0     000098de  __TI_zero_init_nomemset          
0     000098f7  _args_main                       
0     00009919  Interrupt_illegalOperationHandler
0     00009923  Interrupt_nmiHandler             
0     0000992d  SYNC_init                        
0     00009937  GPIO_init                        
0     00009940  _register_unlock                 
0     00009944  _register_lock                   
0     00009948  _nop                             
0     00009949  __TI_decompress_none             
0     00009959  strlen                           
0     0000996f  __error__                        
0     00009980  SCI_init                         
0     00009983  C2000Ware_libraries_init         
0     00009984  _system_post_cinit               
0     0000a800  receivedChar                     
0     0000a802  obj                              
0     0000a804  cmd                              
0     0000a806  clk_no                           
0     0000a808  dist                             
0     0000a80a  msg1                             
0     0000a80c  msg2                             
0     0000a80e  msg3                             
0     0000a810  msg4                             
0     0000a812  msg5                             
0     0000a814  __TI_enable_exit_profile_output  
0     0000a816  __TI_cleanup_ptr                 
0     0000a818  __TI_dtors_ptr                   
0     0000a81a  _lock                            
0     0000a81c  _unlock                          
abs   00000200  __TI_STACK_SIZE                  
abs   ffffffff  __TI_pprof_out_hndl              
abs   ffffffff  __TI_prof_data_size              
abs   ffffffff  __TI_prof_data_start             
n/a   UNDEFED   __c_args__                       

[98 symbols]
